// Jest Snapshot v1, https://goo.gl/fbAQLP

exports[`can generate an ical file from a week 1`] = `
"BEGIN:VCALENDAR
VERSION:2.0
CALSCALE:GREGORIAN
PRODID:adamgibbons/ics
METHOD:PUBLISH
X-PUBLISHED-TTL:PT1H
BEGIN:VEVENT
UID:2021-09-13@movies.wowellworld.com
SUMMARY:theme
DTSTAMP:20210101T000000Z
DTSTART:20210913T050000Z
DESCRIPTION:Come one\\, come all (okay maybe not all) to the Welch-Cowell/Co
	well-Welch/Wowell household for a recurring Thursday Night Movie Club!
URL:https://movies.wowellworld.com/
LOCATION:2111 W Argyle St. Chicago\\, IL 60625
STATUS:CONFIRMED
ORGANIZER;CN="Rachel & Jordan":MAILTO:fam@wowellworld.com
X-MICROSOFT-CDO-BUSYSTATUS:BUSY
DURATION:PT210M
END:VEVENT
END:VCALENDAR
"
`;
