// Jest Snapshot v1, https://goo.gl/fbAQLP

exports[`can generate an ical file from an event 1`] = `
"BEGIN:VCALENDAR
VERSION:2.0
CALSCALE:GREGORIAN
PRODID:adamgibbons/ics
METHOD:PUBLISH
X-PUBLISHED-TTL:PT1H
BEGIN:VEVENT
UID:2021-09-13@movies.wowellworld.com
SUMMARY:Movie Nights: theme
DTSTAMP:20210101T000000Z
DTSTART:20210913T173000Z
DESCRIPTION:Come one\\, come all (okay maybe not all) to the Welch-Cowell/Co
	well-Welch/Wowell household for a recurring thursday Movie Night!\\n\\nThis 
	week's theme is theme.\\n\\n6:00 PM - Labyrinth (1986)\\n8:00 PM - The NeverE
	nding Story (1984)
URL:https://movies.wowellworld.com/
LOCATION:2111 W Argyle St. Chicago\\, IL 60625
STATUS:CONFIRMED
ORGANIZER;CN="Rachel & Jordan":MAILTO:fam@wowellworld.com
X-MICROSOFT-CDO-BUSYSTATUS:BUSY
X-ALT-DESC;FMTTYPE=text/html:<p><html><body>   <p>Come one, come all (okay 
	maybe not all) to the Welch-Cowell/Cowell-Welch/Wowell household for a rec
	urring thursday Movie Night!</p>    <p>This week\\'s theme is <b>theme</b>.
	</p>    <ul>            <li>         <b>6:00 PM</b>         -         <i>L
	abyrinth</i>         (1986)       </li>            <li>         <b>8:00 PM
	</b>         -         <i>The NeverEnding Story</i>         (1984)       <
	/li>        </ul> </body></html> </p>
DURATION:PT240M
END:VEVENT
END:VCALENDAR
"
`;
